#
# A fatal error has been detected by the Java Runtime Environment:
#
#  SIGSEGV (0xb) at pc=0x00007ff8cc7902b4, pid=30455, tid=30532
#
# JRE version:  (17.0.13+11) (build )
# Java VM: OpenJDK 64-Bit Server VM (17.0.13+11-suse-150400.3.48.2-x8664, mixed mode, sharing, tiered, compressed oops, compressed class ptrs, g1 gc, linux-amd64)
# Problematic frame:
# V  [libjvm.so+0x8382b4]  InstanceKlass::allocate_instance_handle(JavaThread*)+0x14
#
# Core dump will be written. Default location: Core dumps may be processed with "/bin/false" (or dumping to /home/swittche/Documents/CRIMSy/ui/core.30455)
#
#

---------------  S U M M A R Y ------------

Command Line: -Dclassworlds.conf=/usr/share/maven/bin/m2.conf -Dmaven.home=/usr/share/maven -Dlibrary.jansi.path=/usr/share/maven/lib/jansi-native -Dmaven.multiModuleProjectDirectory=/home/swittche/Documents/CRIMSy/ui org.codehaus.plexus.classworlds.launcher.Launcher clean

Host: Intel(R) Core(TM) i7-3820 CPU @ 3.60GHz, 8 cores, 15G, openSUSE Leap 15.5
Time: Mon Dec 15 10:45:34 2025 CET elapsed time: 3.180539 seconds (0d 0h 0m 3s)

---------------  T H R E A D  ---------------

Current thread (0x00007ff88c000bb0):  JavaThread "Unknown thread" [_thread_in_vm, id=30532, stack(0x00007ff8a437c000,0x00007ff8a4b7c000)]

Stack: [0x00007ff8a437c000,0x00007ff8a4b7c000],  sp=0x00007ff8a4b7ace0,  free space=8187k
Native frames: (J=compiled Java code, j=interpreted, Vv=VM code, C=native code)
V  [libjvm.so+0x8382b4]  InstanceKlass::allocate_instance_handle(JavaThread*)+0x14
V  [libjvm.so+0xeecd0b]  JavaThread::allocate_threadObj(Handle, char const*, bool, JavaThread*)+0x3b
V  [libjvm.so+0x8f6362]  attach_current_thread.part.256+0x152
V  [libjvm.so+0x8f653d]  jni_AttachCurrentThread+0x6d
C  0x00007ff8a4cb9701
C  0x00007ff8a4cb9a4e


siginfo: si_signo: 11 (SIGSEGV), si_code: 1 (SEGV_MAPERR), si_addr: 0x0000000000000008

Registers:
RAX=0x00007ff8cd34b500, RBX=0x00007ff88c000bb0, RCX=0x0000000000000000, RDX=0x0000000000000000
RSP=0x00007ff8a4b7ace0, RBP=0x00007ff8a4b7ad20, RSI=0x00007ff88c000bb0, RDI=0x0000000000000000
R8 =0x00007ff88c000bb0, R9 =0x0000000000000000, R10=0x0000000000000000, R11=0x0000000000000000
R12=0x0000000000000000, R13=0x00007ff8a4b7ace0, R14=0x00007ff8a4b7ade0, R15=0x0000000000000000
RIP=0x00007ff8cc7902b4, EFLAGS=0x0000000000010202, CSGSFS=0x002b000000000033, ERR=0x0000000000000004
  TRAPNO=0x000000000000000e


Register to memory mapping:

RAX=0x00007ff8cd34b500: <offset 0x00000000013f3500> in /usr/lib64/jvm/java-17-openjdk-17/lib/server/libjvm.so at 0x00007ff8cbf58000
RBX=0x00007ff88c000bb0 is a thread
RCX=0x0 is NULL
RDX=0x0 is NULL
RSP=0x00007ff8a4b7ace0 is pointing into the stack for thread: 0x00007ff88c000bb0
RBP=0x00007ff8a4b7ad20 is pointing into the stack for thread: 0x00007ff88c000bb0
RSI=0x00007ff88c000bb0 is a thread
RDI=0x0 is NULL
R8 =0x00007ff88c000bb0 is a thread
R9 =0x0 is NULL
R10=0x0 is NULL
R11=0x0 is NULL
R12=0x0 is NULL
R13=0x00007ff8a4b7ace0 is pointing into the stack for thread: 0x00007ff88c000bb0
R14=0x00007ff8a4b7ade0 is pointing into the stack for thread: 0x00007ff88c000bb0
R15=0x0 is NULL


Top of Stack: (sp=0x00007ff8a4b7ace0)
0x00007ff8a4b7ace0:   00007ff88c001fd0 0000000000000003
0x00007ff8a4b7acf0:   00007ff8a4b7ad50 00007ff8cc319181
0x00007ff8a4b7ad00:   0000000000000008 00007ff88c000bb0
0x00007ff8a4b7ad10:   0000000000000000 0000000000000000
0x00007ff8a4b7ad20:   00007ff8a4b7adb0 00007ff8cce44d0b
0x00007ff8a4b7ad30:   0000000000000000 00007ff88c000bb0
0x00007ff8a4b7ad40:   00007ff8cd34a4e0 0000000000000000
0x00007ff8a4b7ad50:   0000000000000000 00007ff88c000bb0
0x00007ff8a4b7ad60:   00007ff8a4b7ad80 00007ff8c4015f30
0x00007ff8a4b7ad70:   00007ff8a4b7ad90 248d969a7d432500
0x00007ff8a4b7ad80:   00007ff88c000bb0 00007ff88c000bb0
0x00007ff8a4b7ad90:   0000000000000000 00007ff88c000bb0
0x00007ff8a4b7ada0:   00007ff8a4b7ade0 00007ff8a4b7adf0
0x00007ff8a4b7adb0:   00007ff8a4b7ae60 00007ff8cc84e362
0x00007ff8a4b7adc0:   00007ff88c000020 0000000000000000
0x00007ff8a4b7add0:   0000000000000000 00007ff8a4b7aeb0
0x00007ff8a4b7ade0:   00007ff88c000bb0 0000000000000000
0x00007ff8a4b7adf0:   00007ff88c000bb0 00007ff88c001560
0x00007ff8a4b7ae00:   00007ff88c0015a0 00007ff88c0015b0
0x00007ff8a4b7ae10:   00007ff88c001688 00000000000000d8
0x00007ff8a4b7ae20:   00007ff88c0017b0 0000000000000000
0x00007ff8a4b7ae30:   00007ff8a4b7ae60 0000000000000000
0x00007ff8a4b7ae40:   0000000000000000 00007ff8a4b7aeb0
0x00007ff8a4b7ae50:   0000000000000000 0000000000000000
0x00007ff8a4b7ae60:   00007ff8a4b7ae90 00007ff8cc84e53d
0x00007ff8a4b7ae70:   0000000000000000 0000000000000000
0x00007ff8a4b7ae80:   00007ff8c8204efe 00007ff8c8204eff
0x00007ff8a4b7ae90:   00007ff8a4b7aec0 00007ff8a4cb9701
0x00007ff8a4b7aea0:   00007ff8c8208838 00007ff8cd2cb4e0
0x00007ff8a4b7aeb0:   0000000000000000 ffffffff00000000
0x00007ff8a4b7aec0:   00007ff8a4b7aef0 00007ff8a4cb9a4e
0x00007ff8a4b7aed0:   0000000000000000 00007ff8c8208830 

Instructions: (pc=0x00007ff8cc7902b4)
0x00007ff8cc7901b4:   89 e2 4c 89 ee e8 d2 41 02 00 48 83 7b 08 00 75
0x00007ff8cc7901c4:   3b 48 8b 85 20 ff ff ff 48 85 c0 74 2f 48 8b 18
0x00007ff8cc7901d4:   4c 89 ef e8 f4 c7 fa ff 48 8b 4d d8 64 48 33 0c
0x00007ff8cc7901e4:   25 28 00 00 00 48 89 d8 75 16 48 81 c4 d8 00 00
0x00007ff8cc7901f4:   00 5b 41 5c 41 5d 5d c3 0f 1f 40 00 31 db eb d0
0x00007ff8cc790204:   e8 f7 89 a1 ff 90 66 0f 1f 44 00 00 55 48 89 e5
0x00007ff8cc790214:   41 54 53 49 89 f4 48 83 ec 20 8b 47 08 8b 9f a4
0x00007ff8cc790224:   00 00 00 48 89 7d e0 48 8d 7d d0 48 89 75 d8 c1
0x00007ff8cc790234:   f8 03 81 e3 00 00 00 40 48 98 48 89 45 e8 48 8d
0x00007ff8cc790244:   05 87 f9 a8 00 48 83 c0 10 48 89 45 d0 e8 8a cf
0x00007ff8cc790254:   36 00 49 83 7c 24 08 00 75 35 85 db 74 0c 48 8d
0x00007ff8cc790264:   15 7a a4 b3 00 80 3a 00 74 12 48 83 c4 20 5b 41
0x00007ff8cc790274:   5c 5d c3 66 0f 1f 84 00 00 00 00 00 4c 89 e6 48
0x00007ff8cc790284:   89 c7 e8 45 fe ff ff 49 83 7c 24 08 00 74 db 48
0x00007ff8cc790294:   83 c4 20 31 c0 5b 41 5c 5d c3 66 90 55 48 89 e5
0x00007ff8cc7902a4:   41 55 41 54 53 4c 8d 6d c0 48 89 f3 48 83 ec 28
0x00007ff8cc7902b4:   8b 47 08 44 8b a7 a4 00 00 00 48 89 7d d0 4c 89
0x00007ff8cc7902c4:   ef 48 89 75 c8 c1 f8 03 41 81 e4 00 00 00 40 48
0x00007ff8cc7902d4:   98 48 89 45 d8 48 8d 05 f0 f8 a8 00 48 83 c0 10
0x00007ff8cc7902e4:   48 89 45 c0 e8 f3 ce 36 00 48 83 7b 08 00 75 4c
0x00007ff8cc7902f4:   45 85 e4 74 0c 48 8d 15 e3 a3 b3 00 80 3a 00 74
0x00007ff8cc790304:   23 48 89 c2 48 89 de 4c 89 ef e8 0d 1c ba ff 48
0x00007ff8cc790314:   8b 45 c0 48 83 c4 28 5b 41 5c 41 5d 5d c3 66 0f
0x00007ff8cc790324:   1f 44 00 00 48 89 de 48 89 c7 e8 9d fd ff ff 48
0x00007ff8cc790334:   83 7b 08 00 74 cb 66 0f 1f 44 00 00 31 c0 eb c1
0x00007ff8cc790344:   66 66 2e 0f 1f 84 00 00 00 00 00 90 55 48 89 e5
0x00007ff8cc790354:   41 55 41 54 53 49 89 fd 48 89 f3 48 81 ec 08 01
0x00007ff8cc790364:   00 00 64 48 8b 04 25 28 00 00 00 48 89 45 d8 31
0x00007ff8cc790374:   c0 e8 36 b8 ff ff 48 89 85 e8 fe ff ff 48 85 c0
0x00007ff8cc790384:   f3 0f 7e 85 e8 fe ff ff 48 89 9d e8 fe ff ff 0f
0x00007ff8cc790394:   16 85 e8 fe ff ff 0f 29 85 f0 fe ff ff 74 1a 48
0x00007ff8cc7903a4:   8d b5 00 ff ff ff 48 8b bb 48 02 00 00 48 89 85 


Stack slot to memory mapping:
stack at sp + 0 slots: 0x00007ff88c001fd0 points into unknown readable memory: 0x7268547472617473 | 73 74 61 72 74 54 68 72
stack at sp + 1 slots: 0x0000000000000003 is an unknown value
stack at sp + 2 slots: 0x00007ff8a4b7ad50 is pointing into the stack for thread: 0x00007ff88c000bb0
stack at sp + 3 slots: 0x00007ff8cc319181: <offset 0x00000000003c1181> in /usr/lib64/jvm/java-17-openjdk-17/lib/server/libjvm.so at 0x00007ff8cbf58000
stack at sp + 4 slots: 0x0000000000000008 is an unknown value
stack at sp + 5 slots: 0x00007ff88c000bb0 is a thread
stack at sp + 6 slots: 0x0 is NULL
stack at sp + 7 slots: 0x0 is NULL


---------------  P R O C E S S  ---------------

Threads class SMR info:
_java_thread_list=0x00007ff8c4179a80, length=2, elements={
0x00007ff88c000bb0, 0x00007ff8c4019830
}

Java Threads: ( => current thread )
=>0x00007ff88c000bb0 JavaThread "Unknown thread" [_thread_in_vm, id=30532, stack(0x00007ff8a437c000,0x00007ff8a4b7c000)]
  0x00007ff8c40008d0 
[error occurred during error reporting (printing all threads), id 0xb, SIGSEGV (0xb) at pc=0x00007ff8cce48cbb]

VM state: not at safepoint (normal execution)

VM Mutex/Monitor currently owned by a thread: None

Heap address: 0x0000000707000000, size: 3984 MB, Compressed Oops mode: Zero based, Oop shift amount: 3

CDS archive(s) mapped at: [0x00007ff847000000-0x00007ff847be4000-0x00007ff847be4000), size 12468224, SharedBaseAddress: 0x00007ff847000000, ArchiveRelocationMode: 1.
Compressed class space mapped at: 0x00007ff848000000-0x00007ff888000000, reserved size: 1073741824
Narrow klass base: 0x00007ff847000000, Narrow klass shift: 0, Narrow klass range: 0x100000000

GC Precious Log:
 CPUs: 8 total, 8 available
 Memory: 15933M
 Large Page Support: Disabled
 NUMA Support: Disabled
 Compressed Oops: Enabled (Zero based)
 Heap Region Size: 2M
 Heap Min Capacity: 8M
 Heap Initial Capacity: 250M
 Heap Max Capacity: 3984M
 Pre-touch: Disabled
 Parallel Workers: 8
 Concurrent Workers: 2
 Concurrent Refinement Workers: 8
 Periodic GC: Disabled

Heap:
 garbage-first heap   total 260096K, used 1980K [0x0000000707000000, 0x0000000800000000)
  region size 2048K, 1 young (2048K), 0 survivors (0K)
 Metaspace       used 11K, committed 128K, reserved 1114112K
  class space    used 0K, committed 64K, reserved 1048576K

Heap Regions: E=young(eden), S=young(survivor), O=old, HS=humongous(starts), HC=humongous(continues), CS=collection set, F=free, OA=open archive, CA=closed archive, TAMS=top-at-mark-start (previous, next)
|   0|0x0000000707000000, 0x0000000707000000, 0x0000000707200000|  0%| F|  |TAMS 0x0000000707000000, 0x0000000707000000| Untracked 
|   1|0x0000000707200000, 0x0000000707200000, 0x0000000707400000|  0%| F|  |TAMS 0x0000000707200000, 0x0000000707200000| Untracked 
|   2|0x0000000707400000, 0x0000000707400000, 0x0000000707600000|  0%| F|  |TAMS 0x0000000707400000, 0x0000000707400000| Untracked 
|   3|0x0000000707600000, 0x0000000707600000, 0x0000000707800000|  0%| F|  |TAMS 0x0000000707600000, 0x0000000707600000| Untracked 
|   4|0x0000000707800000, 0x0000000707800000, 0x0000000707a00000|  0%| F|  |TAMS 0x0000000707800000, 0x0000000707800000| Untracked 
|   5|0x0000000707a00000, 0x0000000707a00000, 0x0000000707c00000|  0%| F|  |TAMS 0x0000000707a00000, 0x0000000707a00000| Untracked 
|   6|0x0000000707c00000, 0x0000000707c00000, 0x0000000707e00000|  0%| F|  |TAMS 0x0000000707c00000, 0x0000000707c00000| Untracked 
|   7|0x0000000707e00000, 0x0000000707e00000, 0x0000000708000000|  0%| F|  |TAMS 0x0000000707e00000, 0x0000000707e00000| Untracked 
|   8|0x0000000708000000, 0x0000000708000000, 0x0000000708200000|  0%| F|  |TAMS 0x0000000708000000, 0x0000000708000000| Untracked 
|   9|0x0000000708200000, 0x0000000708200000, 0x0000000708400000|  0%| F|  |TAMS 0x0000000708200000, 0x0000000708200000| Untracked 
|  10|0x0000000708400000, 0x0000000708400000, 0x0000000708600000|  0%| F|  |TAMS 0x0000000708400000, 0x0000000708400000| Untracked 
|  11|0x0000000708600000, 0x0000000708600000, 0x0000000708800000|  0%| F|  |TAMS 0x0000000708600000, 0x0000000708600000| Untracked 
|  12|0x0000000708800000, 0x0000000708800000, 0x0000000708a00000|  0%| F|  |TAMS 0x0000000708800000, 0x0000000708800000| Untracked 
|  13|0x0000000708a00000, 0x0000000708a00000, 0x0000000708c00000|  0%| F|  |TAMS 0x0000000708a00000, 0x0000000708a00000| Untracked 
|  14|0x0000000708c00000, 0x0000000708c00000, 0x0000000708e00000|  0%| F|  |TAMS 0x0000000708c00000, 0x0000000708c00000| Untracked 
|  15|0x0000000708e00000, 0x0000000708e00000, 0x0000000709000000|  0%| F|  |TAMS 0x0000000708e00000, 0x0000000708e00000| Untracked 
|  16|0x0000000709000000, 0x0000000709000000, 0x0000000709200000|  0%| F|  |TAMS 0x0000000709000000, 0x0000000709000000| Untracked 
|  17|0x0000000709200000, 0x0000000709200000, 0x0000000709400000|  0%| F|  |TAMS 0x0000000709200000, 0x0000000709200000| Untracked 
|  18|0x0000000709400000, 0x0000000709400000, 0x0000000709600000|  0%| F|  |TAMS 0x0000000709400000, 0x0000000709400000| Untracked 
|  19|0x0000000709600000, 0x0000000709600000, 0x0000000709800000|  0%| F|  |TAMS 0x0000000709600000, 0x0000000709600000| Untracked 
|  20|0x0000000709800000, 0x0000000709800000, 0x0000000709a00000|  0%| F|  |TAMS 0x0000000709800000, 0x0000000709800000| Untracked 
|  21|0x0000000709a00000, 0x0000000709a00000, 0x0000000709c00000|  0%| F|  |TAMS 0x0000000709a00000, 0x0000000709a00000| Untracked 
|  22|0x0000000709c00000, 0x0000000709c00000, 0x0000000709e00000|  0%| F|  |TAMS 0x0000000709c00000, 0x0000000709c00000| Untracked 
|  23|0x0000000709e00000, 0x0000000709e00000, 0x000000070a000000|  0%| F|  |TAMS 0x0000000709e00000, 0x0000000709e00000| Untracked 
|  24|0x000000070a000000, 0x000000070a000000, 0x000000070a200000|  0%| F|  |TAMS 0x000000070a000000, 0x000000070a000000| Untracked 
|  25|0x000000070a200000, 0x000000070a200000, 0x000000070a400000|  0%| F|  |TAMS 0x000000070a200000, 0x000000070a200000| Untracked 
|  26|0x000000070a400000, 0x000000070a400000, 0x000000070a600000|  0%| F|  |TAMS 0x000000070a400000, 0x000000070a400000| Untracked 
|  27|0x000000070a600000, 0x000000070a600000, 0x000000070a800000|  0%| F|  |TAMS 0x000000070a600000, 0x000000070a600000| Untracked 
|  28|0x000000070a800000, 0x000000070a800000, 0x000000070aa00000|  0%| F|  |TAMS 0x000000070a800000, 0x000000070a800000| Untracked 
|  29|0x000000070aa00000, 0x000000070aa00000, 0x000000070ac00000|  0%| F|  |TAMS 0x000000070aa00000, 0x000000070aa00000| Untracked 
|  30|0x000000070ac00000, 0x000000070ac00000, 0x000000070ae00000|  0%| F|  |TAMS 0x000000070ac00000, 0x000000070ac00000| Untracked 
|  31|0x000000070ae00000, 0x000000070ae00000, 0x000000070b000000|  0%| F|  |TAMS 0x000000070ae00000, 0x000000070ae00000| Untracked 
|  32|0x000000070b000000, 0x000000070b000000, 0x000000070b200000|  0%| F|  |TAMS 0x000000070b000000, 0x000000070b000000| Untracked 
|  33|0x000000070b200000, 0x000000070b200000, 0x000000070b400000|  0%| F|  |TAMS 0x000000070b200000, 0x000000070b200000| Untracked 
|  34|0x000000070b400000, 0x000000070b400000, 0x000000070b600000|  0%| F|  |TAMS 0x000000070b400000, 0x000000070b400000| Untracked 
|  35|0x000000070b600000, 0x000000070b600000, 0x000000070b800000|  0%| F|  |TAMS 0x000000070b600000, 0x000000070b600000| Untracked 
|  36|0x000000070b800000, 0x000000070b800000, 0x000000070ba00000|  0%| F|  |TAMS 0x000000070b800000, 0x000000070b800000| Untracked 
|  37|0x000000070ba00000, 0x000000070ba00000, 0x000000070bc00000|  0%| F|  |TAMS 0x000000070ba00000, 0x000000070ba00000| Untracked 
|  38|0x000000070bc00000, 0x000000070bc00000, 0x000000070be00000|  0%| F|  |TAMS 0x000000070bc00000, 0x000000070bc00000| Untracked 
|  39|0x000000070be00000, 0x000000070be00000, 0x000000070c000000|  0%| F|  |TAMS 0x000000070be00000, 0x000000070be00000| Untracked 
|  40|0x000000070c000000, 0x000000070c000000, 0x000000070c200000|  0%| F|  |TAMS 0x000000070c000000, 0x000000070c000000| Untracked 
|  41|0x000000070c200000, 0x000000070c200000, 0x000000070c400000|  0%| F|  |TAMS 0x000000070c200000, 0x000000070c200000| Untracked 
|  42|0x000000070c400000, 0x000000070c400000, 0x000000070c600000|  0%| F|  |TAMS 0x000000070c400000, 0x000000070c400000| Untracked 
|  43|0x000000070c600000, 0x000000070c600000, 0x000000070c800000|  0%| F|  |TAMS 0x000000070c600000, 0x000000070c600000| Untracked 
|  44|0x000000070c800000, 0x000000070c800000, 0x000000070ca00000|  0%| F|  |TAMS 0x000000070c800000, 0x000000070c800000| Untracked 
|  45|0x000000070ca00000, 0x000000070ca00000, 0x000000070cc00000|  0%| F|  |TAMS 0x000000070ca00000, 0x000000070ca00000| Untracked 
|  46|0x000000070cc00000, 0x000000070cc00000, 0x000000070ce00000|  0%| F|  |TAMS 0x000000070cc00000, 0x000000070cc00000| Untracked 
|  47|0x000000070ce00000, 0x000000070ce00000, 0x000000070d000000|  0%| F|  |TAMS 0x000000070ce00000, 0x000000070ce00000| Untracked 
|  48|0x000000070d000000, 0x000000070d000000, 0x000000070d200000|  0%| F|  |TAMS 0x000000070d000000, 0x000000070d000000| Untracked 
|  49|0x000000070d200000, 0x000000070d200000, 0x000000070d400000|  0%| F|  |TAMS 0x000000070d200000, 0x000000070d200000| Untracked 
|  50|0x000000070d400000, 0x000000070d400000, 0x000000070d600000|  0%| F|  |TAMS 0x000000070d400000, 0x000000070d400000| Untracked 
|  51|0x000000070d600000, 0x000000070d600000, 0x000000070d800000|  0%| F|  |TAMS 0x000000070d600000, 0x000000070d600000| Untracked 
|  52|0x000000070d800000, 0x000000070d800000, 0x000000070da00000|  0%| F|  |TAMS 0x000000070d800000, 0x000000070d800000| Untracked 
|  53|0x000000070da00000, 0x000000070da00000, 0x000000070dc00000|  0%| F|  |TAMS 0x000000070da00000, 0x000000070da00000| Untracked 
|  54|0x000000070dc00000, 0x000000070dc00000, 0x000000070de00000|  0%| F|  |TAMS 0x000000070dc00000, 0x000000070dc00000| Untracked 
|  55|0x000000070de00000, 0x000000070de00000, 0x000000070e000000|  0%| F|  |TAMS 0x000000070de00000, 0x000000070de00000| Untracked 
|  56|0x000000070e000000, 0x000000070e000000, 0x000000070e200000|  0%| F|  |TAMS 0x000000070e000000, 0x000000070e000000| Untracked 
|  57|0x000000070e200000, 0x000000070e200000, 0x000000070e400000|  0%| F|  |TAMS 0x000000070e200000, 0x000000070e200000| Untracked 
|  58|0x000000070e400000, 0x000000070e400000, 0x000000070e600000|  0%| F|  |TAMS 0x000000070e400000, 0x000000070e400000| Untracked 
|  59|0x000000070e600000, 0x000000070e600000, 0x000000070e800000|  0%| F|  |TAMS 0x000000070e600000, 0x000000070e600000| Untracked 
|  60|0x000000070e800000, 0x000000070e800000, 0x000000070ea00000|  0%| F|  |TAMS 0x000000070e800000, 0x000000070e800000| Untracked 
|  61|0x000000070ea00000, 0x000000070ea00000, 0x000000070ec00000|  0%| F|  |TAMS 0x000000070ea00000, 0x000000070ea00000| Untracked 
|  62|0x000000070ec00000, 0x000000070ec00000, 0x000000070ee00000|  0%| F|  |TAMS 0x000000070ec00000, 0x000000070ec00000| Untracked 
|  63|0x000000070ee00000, 0x000000070ee00000, 0x000000070f000000|  0%| F|  |TAMS 0x000000070ee00000, 0x000000070ee00000| Untracked 
|  64|0x000000070f000000, 0x000000070f000000, 0x000000070f200000|  0%| F|  |TAMS 0x000000070f000000, 0x000000070f000000| Untracked 
|  65|0x000000070f200000, 0x000000070f200000, 0x000000070f400000|  0%| F|  |TAMS 0x000000070f200000, 0x000000070f200000| Untracked 
|  66|0x000000070f400000, 0x000000070f400000, 0x000000070f600000|  0%| F|  |TAMS 0x000000070f400000, 0x000000070f400000| Untracked 
|  67|0x000000070f600000, 0x000000070f600000, 0x000000070f800000|  0%| F|  |TAMS 0x000000070f600000, 0x000000070f600000| Untracked 
|  68|0x000000070f800000, 0x000000070f800000, 0x000000070fa00000|  0%| F|  |TAMS 0x000000070f800000, 0x000000070f800000| Untracked 
|  69|0x000000070fa00000, 0x000000070fa00000, 0x000000070fc00000|  0%| F|  |TAMS 0x000000070fa00000, 0x000000070fa00000| Untracked 
|  70|0x000000070fc00000, 0x000000070fc00000, 0x000000070fe00000|  0%| F|  |TAMS 0x000000070fc00000, 0x000000070fc00000| Untracked 
|  71|0x000000070fe00000, 0x000000070fe00000, 0x0000000710000000|  0%| F|  |TAMS 0x000000070fe00000, 0x000000070fe00000| Untracked 
|  72|0x0000000710000000, 0x0000000710000000, 0x0000000710200000|  0%| F|  |TAMS 0x0000000710000000, 0x0000000710000000| Untracked 
|  73|0x0000000710200000, 0x0000000710200000, 0x0000000710400000|  0%| F|  |TAMS 0x0000000710200000, 0x0000000710200000| Untracked 
|  74|0x0000000710400000, 0x0000000710400000, 0x0000000710600000|  0%| F|  |TAMS 0x0000000710400000, 0x0000000710400000| Untracked 
|  75|0x0000000710600000, 0x0000000710600000, 0x0000000710800000|  0%| F|  |TAMS 0x0000000710600000, 0x0000000710600000| Untracked 
|  76|0x0000000710800000, 0x0000000710800000, 0x0000000710a00000|  0%| F|  |TAMS 0x0000000710800000, 0x0000000710800000| Untracked 
|  77|0x0000000710a00000, 0x0000000710a00000, 0x0000000710c00000|  0%| F|  |TAMS 0x0000000710a00000, 0x0000000710a00000| Untracked 
|  78|0x0000000710c00000, 0x0000000710c00000, 0x0000000710e00000|  0%| F|  |TAMS 0x0000000710c00000, 0x0000000710c00000| Untracked 
|  79|0x0000000710e00000, 0x0000000710e00000, 0x0000000711000000|  0%| F|  |TAMS 0x0000000710e00000, 0x0000000710e00000| Untracked 
|  80|0x0000000711000000, 0x0000000711000000, 0x0000000711200000|  0%| F|  |TAMS 0x0000000711000000, 0x0000000711000000| Untracked 
|  81|0x0000000711200000, 0x0000000711200000, 0x0000000711400000|  0%| F|  |TAMS 0x0000000711200000, 0x0000000711200000| Untracked 
|  82|0x0000000711400000, 0x0000000711400000, 0x0000000711600000|  0%| F|  |TAMS 0x0000000711400000, 0x0000000711400000| Untracked 
|  83|0x0000000711600000, 0x0000000711600000, 0x0000000711800000|  0%| F|  |TAMS 0x0000000711600000, 0x0000000711600000| Untracked 
|  84|0x0000000711800000, 0x0000000711800000, 0x0000000711a00000|  0%| F|  |TAMS 0x0000000711800000, 0x0000000711800000| Untracked 
|  85|0x0000000711a00000, 0x0000000711a00000, 0x0000000711c00000|  0%| F|  |TAMS 0x0000000711a00000, 0x0000000711a00000| Untracked 
|  86|0x0000000711c00000, 0x0000000711c00000, 0x0000000711e00000|  0%| F|  |TAMS 0x0000000711c00000, 0x0000000711c00000| Untracked 
|  87|0x0000000711e00000, 0x0000000711e00000, 0x0000000712000000|  0%| F|  |TAMS 0x0000000711e00000, 0x0000000711e00000| Untracked 
|  88|0x0000000712000000, 0x0000000712000000, 0x0000000712200000|  0%| F|  |TAMS 0x0000000712000000, 0x0000000712000000| Untracked 
|  89|0x0000000712200000, 0x0000000712200000, 0x0000000712400000|  0%| F|  |TAMS 0x0000000712200000, 0x0000000712200000| Untracked 
|  90|0x0000000712400000, 0x0000000712400000, 0x0000000712600000|  0%| F|  |TAMS 0x0000000712400000, 0x0000000712400000| Untracked 
|  91|0x0000000712600000, 0x0000000712600000, 0x0000000712800000|  0%| F|  |TAMS 0x0000000712600000, 0x0000000712600000| Untracked 
|  92|0x0000000712800000, 0x0000000712800000, 0x0000000712a00000|  0%| F|  |TAMS 0x0000000712800000, 0x0000000712800000| Untracked 
|  93|0x0000000712a00000, 0x0000000712a00000, 0x0000000712c00000|  0%| F|  |TAMS 0x0000000712a00000, 0x0000000712a00000| Untracked 
|  94|0x0000000712c00000, 0x0000000712c00000, 0x0000000712e00000|  0%| F|  |TAMS 0x0000000712c00000, 0x0000000712c00000| Untracked 
|  95|0x0000000712e00000, 0x0000000712e00000, 0x0000000713000000|  0%| F|  |TAMS 0x0000000712e00000, 0x0000000712e00000| Untracked 
|  96|0x0000000713000000, 0x0000000713000000, 0x0000000713200000|  0%| F|  |TAMS 0x0000000713000000, 0x0000000713000000| Untracked 
|  97|0x0000000713200000, 0x0000000713200000, 0x0000000713400000|  0%| F|  |TAMS 0x0000000713200000, 0x0000000713200000| Untracked 
|  98|0x0000000713400000, 0x0000000713400000, 0x0000000713600000|  0%| F|  |TAMS 0x0000000713400000, 0x0000000713400000| Untracked 
|  99|0x0000000713600000, 0x0000000713600000, 0x0000000713800000|  0%| F|  |TAMS 0x0000000713600000, 0x0000000713600000| Untracked 
| 100|0x0000000713800000, 0x0000000713800000, 0x0000000713a00000|  0%| F|  |TAMS 0x0000000713800000, 0x0000000713800000| Untracked 
| 101|0x0000000713a00000, 0x0000000713a00000, 0x0000000713c00000|  0%| F|  |TAMS 0x0000000713a00000, 0x0000000713a00000| Untracked 
| 102|0x0000000713c00000, 0x0000000713c00000, 0x0000000713e00000|  0%| F|  |TAMS 0x0000000713c00000, 0x0000000713c00000| Untracked 
| 103|0x0000000713e00000, 0x0000000713e00000, 0x0000000714000000|  0%| F|  |TAMS 0x0000000713e00000, 0x0000000713e00000| Untracked 
| 104|0x0000000714000000, 0x0000000714000000, 0x0000000714200000|  0%| F|  |TAMS 0x0000000714000000, 0x0000000714000000| Untracked 
| 105|0x0000000714200000, 0x0000000714200000, 0x0000000714400000|  0%| F|  |TAMS 0x0000000714200000, 0x0000000714200000| Untracked 
| 106|0x0000000714400000, 0x0000000714400000, 0x0000000714600000|  0%| F|  |TAMS 0x0000000714400000, 0x0000000714400000| Untracked 
| 107|0x0000000714600000, 0x0000000714600000, 0x0000000714800000|  0%| F|  |TAMS 0x0000000714600000, 0x0000000714600000| Untracked 
| 108|0x0000000714800000, 0x0000000714800000, 0x0000000714a00000|  0%| F|  |TAMS 0x0000000714800000, 0x0000000714800000| Untracked 
| 109|0x0000000714a00000, 0x0000000714a00000, 0x0000000714c00000|  0%| F|  |TAMS 0x0000000714a00000, 0x0000000714a00000| Untracked 
| 110|0x0000000714c00000, 0x0000000714c00000, 0x0000000714e00000|  0%| F|  |TAMS 0x0000000714c00000, 0x0000000714c00000| Untracked 
| 111|0x0000000714e00000, 0x0000000714e00000, 0x0000000715000000|  0%| F|  |TAMS 0x0000000714e00000, 0x0000000714e00000| Untracked 
| 112|0x0000000715000000, 0x0000000715000000, 0x0000000715200000|  0%| F|  |TAMS 0x0000000715000000, 0x0000000715000000| Untracked 
| 113|0x0000000715200000, 0x0000000715200000, 0x0000000715400000|  0%| F|  |TAMS 0x0000000715200000, 0x0000000715200000| Untracked 
| 114|0x0000000715400000, 0x0000000715400000, 0x0000000715600000|  0%| F|  |TAMS 0x0000000715400000, 0x0000000715400000| Untracked 
| 115|0x0000000715600000, 0x0000000715600000, 0x0000000715800000|  0%| F|  |TAMS 0x0000000715600000, 0x0000000715600000| Untracked 
| 116|0x0000000715800000, 0x0000000715800000, 0x0000000715a00000|  0%| F|  |TAMS 0x0000000715800000, 0x0000000715800000| Untracked 
| 117|0x0000000715a00000, 0x0000000715a00000, 0x0000000715c00000|  0%| F|  |TAMS 0x0000000715a00000, 0x0000000715a00000| Untracked 
| 118|0x0000000715c00000, 0x0000000715c00000, 0x0000000715e00000|  0%| F|  |TAMS 0x0000000715c00000, 0x0000000715c00000| Untracked 
| 119|0x0000000715e00000, 0x0000000715e00000, 0x0000000716000000|  0%| F|  |TAMS 0x0000000715e00000, 0x0000000715e00000| Untracked 
| 120|0x0000000716000000, 0x0000000716000000, 0x0000000716200000|  0%| F|  |TAMS 0x0000000716000000, 0x0000000716000000| Untracked 
| 121|0x0000000716200000, 0x0000000716200000, 0x0000000716400000|  0%| F|  |TAMS 0x0000000716200000, 0x0000000716200000| Untracked 
| 122|0x0000000716400000, 0x0000000716400000, 0x0000000716600000|  0%| F|  |TAMS 0x0000000716400000, 0x0000000716400000| Untracked 
| 123|0x0000000716600000, 0x0000000716600000, 0x0000000716800000|  0%| F|  |TAMS 0x0000000716600000, 0x0000000716600000| Untracked 
| 124|0x0000000716800000, 0x00000007168e1490, 0x0000000716a00000| 44%| E|  |TAMS 0x0000000716800000, 0x0000000716800000| Complete 
|1990|0x00000007ffc00000, 0x00000007ffd76000, 0x00000007ffe00000| 73%|OA|  |TAMS 0x00000007ffc00000, 0x00000007ffc00000| Untracked 
|1991|0x00000007ffe00000, 0x00000007ffe79000, 0x0000000800000000| 23%|CA|  |TAMS 0x00000007ffe00000, 0x00000007ffe00000| Untracked 

Card table byte_map: [0x00007ff8c9814000,0x00007ff8c9fdc000] _byte_map_base: 0x00007ff8c5fdc000

Marking Bits (Prev, Next): (CMBitMap*) 0x00007ff8c40846f0, (CMBitMap*) 0x00007ff8c4084730
 Prev Bits: [0x00007ff8a9473000, 0x00007ff8ad2b3000)
 Next Bits: [0x00007ff8a5633000, 0x00007ff8a9473000)

Polling page: 0x00007ff8cd5b2000

Metaspace:

Usage:
  Non-class:     19.31 KB used.
      Class:   1008 bytes used.
       Both:     20.30 KB used.

Virtual space:
  Non-class space:       64.00 MB reserved,      64.00 KB ( <1%) committed,  1 nodes.
      Class space:        1.00 GB reserved,      64.00 KB ( <1%) committed,  1 nodes.
             Both:        1.06 GB reserved,     128.00 KB ( <1%) committed. 

Chunk freelists:
   Non-Class:  12.00 MB
       Class:  15.75 MB
        Both:  27.75 MB

MaxMetaspaceSize: unlimited
CompressedClassSpaceSize: 1.00 GB
Initial GC threshold: 21.00 MB
Current GC threshold: 17179869184.00 GB
CDS: on
MetaspaceReclaimPolicy: balanced
 - commit_granule_bytes: 65536.
 - commit_granule_words: 8192.
 - virtual_space_node_default_size: 8388608.
 - enlarge_chunks_in_place: 1.
 - new_chunks_are_fully_committed: 0.
 - uncommit_free_chunks: 1.
 - use_allocation_guard: 0.
 - handle_deallocations: 1.


Internal statistics:

num_allocs_failed_limit: 0.
num_arena_births: 2.
num_arena_deaths: 0.
num_vsnodes_births: 2.
num_vsnodes_deaths: 0.
num_space_committed: 2.
num_space_uncommitted: 0.
num_chunks_returned_to_freelist: 0.
num_chunks_taken_from_freelist: 3.
num_chunk_merges: 0.
num_chunk_splits: 2.
num_chunks_enlarged: 0.
num_inconsistent_stats: 0.

CodeHeap 'non-profiled nmethods': size=120028Kb used=0Kb max_used=0Kb free=120028Kb
 bounds [0x00007ff8b4d7c000, 0x00007ff8b4fec000, 0x00007ff8bc2b3000]
CodeHeap 'profiled nmethods': size=120028Kb used=0Kb max_used=0Kb free=120028Kb
 bounds [0x00007ff8ad2b3000, 0x00007ff8ad523000, 0x00007ff8b47ea000]
CodeHeap 'non-nmethods': size=5704Kb used=370Kb max_used=370Kb free=5333Kb
 bounds [0x00007ff8b47ea000, 0x00007ff8b4a5a000, 0x00007ff8b4d7c000]
 total_blobs=164 nmethods=0 adapters=138
 compilation: enabled
              stopped_count=0, restarted_count=0
 full_count=0

Compilation events (0 events):
No events

GC Heap History (0 events):
No events

Dll operation events (1 events):
Event: 0.156 Loaded shared library /usr/lib64/jvm/java-17-openjdk-17/lib/libjava.so

Deoptimization events (0 events):
No events

Classes loaded (0 events):
No events

Classes unloaded (0 events):
No events

Classes redefined (0 events):
No events

Internal exceptions (0 events):
No events

VM Operations (0 events):
No events

Memory protections (2 events):
Event: 0.126 Protecting memory [0x00007ff8cba8a000,0x00007ff8cba8e000] with protection modes 0
Event: 2.554 Protecting memory [0x00007ff8a437c000,0x00007ff8a4380000] with protection modes 0

Nmethod flushes (0 events):
No events

Events (1 events):
Event: 2.554 Thread 0x00007ff88c000bb0 Thread added: 0x00007ff88c000bb0


Dynamic libraries:
707000000-716a00000 rw-p 00000000 00:00 0 
716a00000-7ffc00000 ---p 00000000 00:00 0 
7ffc00000-7ffd00000 rw-p 00000000 00:00 0 
7ffd00000-7ffd76000 rw-p 00c96000 103:01 3224008211                      /usr/lib64/jvm/java-17-openjdk-17/lib/server/classes.jsa
7ffd76000-7ffe00000 rw-p 00000000 00:00 0 
7ffe00000-7ffe79000 rw-p 00c1d000 103:01 3224008211                      /usr/lib64/jvm/java-17-openjdk-17/lib/server/classes.jsa
7ffe79000-800000000 rw-p 00000000 00:00 0 
55f4be3ea000-55f4be3eb000 r-xp 00000000 103:01 3224154516                /usr/lib64/jvm/java-17-openjdk-17/bin/java
55f4be3eb000-55f4be3ec000 r--p 00001000 103:01 3224154516                /usr/lib64/jvm/java-17-openjdk-17/bin/java
55f4be3ec000-55f4be3ed000 rw-p 00002000 103:01 3224154516                /usr/lib64/jvm/java-17-openjdk-17/bin/java
55f4c020e000-55f4c0254000 rw-p 00000000 00:00 0                          [heap]
7ff834000000-7ff834021000 rw-p 00000000 00:00 0 
7ff834021000-7ff838000000 ---p 00000000 00:00 0 
7ff838000000-7ff838021000 rw-p 00000000 00:00 0 
7ff838021000-7ff83c000000 ---p 00000000 00:00 0 
7ff83c000000-7ff83c021000 rw-p 00000000 00:00 0 
7ff83c021000-7ff840000000 ---p 00000000 00:00 0 
7ff843000000-7ff843010000 rw-p 00000000 00:00 0 
7ff843010000-7ff847000000 ---p 00000000 00:00 0 
7ff847000000-7ff847be4000 rw-p 00001000 103:01 3224008211                /usr/lib64/jvm/java-17-openjdk-17/lib/server/classes.jsa
7ff847be4000-7ff848040000 ---p 00000000 00:00 0 
7ff848040000-7ff848050000 rw-p 00000000 00:00 0 
7ff848050000-7ff888000000 ---p 00000000 00:00 0 
7ff888000000-7ff888021000 rw-p 00000000 00:00 0 
7ff888021000-7ff88c000000 ---p 00000000 00:00 0 
7ff88c000000-7ff88c021000 rw-p 00000000 00:00 0 
7ff88c021000-7ff890000000 ---p 00000000 00:00 0 
7ff890000000-7ff890021000 rw-p 00000000 00:00 0 
7ff890021000-7ff894000000 ---p 00000000 00:00 0 
7ff895d88000-7ff896000000 r--p 00000000 103:01 1074648204                /usr/lib/locale/en_US.utf8/LC_COLLATE
7ff896000000-7ff898000000 rw-p 00000000 00:00 0 
7ff898000000-7ff898021000 rw-p 00000000 00:00 0 
7ff898021000-7ff89c000000 ---p 00000000 00:00 0 
7ff89c000000-7ff89c021000 rw-p 00000000 00:00 0 
7ff89c021000-7ff8a0000000 ---p 00000000 00:00 0 
7ff8a0000000-7ff8a0021000 rw-p 00000000 00:00 0 
7ff8a0021000-7ff8a4000000 ---p 00000000 00:00 0 
7ff8a4179000-7ff8a417a000 ---p 00000000 00:00 0 
7ff8a417a000-7ff8a417e000 ---p 00000000 00:00 0 
7ff8a417e000-7ff8a427a000 rw-p 00000000 00:00 0 
7ff8a427a000-7ff8a427b000 ---p 00000000 00:00 0 
7ff8a427b000-7ff8a427f000 ---p 00000000 00:00 0 
7ff8a427f000-7ff8a437b000 rw-p 00000000 00:00 0 
7ff8a437b000-7ff8a437c000 ---p 00000000 00:00 0 
7ff8a437c000-7ff8a4380000 ---p 00000000 00:00 0 
7ff8a4380000-7ff8a4b7c000 rw-p 00000000 00:00 0 
7ff8a4b7c000-7ff8a4cb6000 r--p 00000000 103:01 3221989462                /opt/traps/lib/libmoduleng64.so
7ff8a4cb6000-7ff8a4eda000 r-xp 0013a000 103:01 3221989462                /opt/traps/lib/libmoduleng64.so
7ff8a4eda000-7ff8a5035000 r--p 0035e000 103:01 3221989462                /opt/traps/lib/libmoduleng64.so
7ff8a5035000-7ff8a50d5000 rw-p 004b8000 103:01 3221989462                /opt/traps/lib/libmoduleng64.so
7ff8a50d5000-7ff8a50db000 rw-p 00000000 00:00 0 
7ff8a50fc000-7ff8a5150000 r--p 00000000 103:01 3221666344                /usr/lib/locale/en_US.utf8/LC_CTYPE
7ff8a5150000-7ff8a5151000 ---p 00000000 00:00 0 
7ff8a5151000-7ff8a5251000 rw-p 00000000 00:00 0 
7ff8a5251000-7ff8a531f000 r-xp 00000000 103:01 3224008193                /usr/lib64/jvm/java-17-openjdk-17/lib/libjsvml.so
7ff8a531f000-7ff8a5320000 r--p 000cd000 103:01 3224008193                /usr/lib64/jvm/java-17-openjdk-17/lib/libjsvml.so
7ff8a5320000-7ff8a5321000 rw-p 000ce000 103:01 3224008193                /usr/lib64/jvm/java-17-openjdk-17/lib/libjsvml.so
7ff8a5321000-7ff8a5a1b000 rw-p 00000000 00:00 0 
7ff8a5a1b000-7ff8a9463000 ---p 00000000 00:00 0 
7ff8a9463000-7ff8a985b000 rw-p 00000000 00:00 0 
7ff8a985b000-7ff8ad2a3000 ---p 00000000 00:00 0 
7ff8ad2a3000-7ff8ad2b3000 rw-p 00000000 00:00 0 
7ff8ad2b3000-7ff8ad523000 rwxp 00000000 00:00 0 
7ff8ad523000-7ff8b47ea000 ---p 00000000 00:00 0 
7ff8b47ea000-7ff8b4a5a000 rwxp 00000000 00:00 0 
7ff8b4a5a000-7ff8b4d7c000 ---p 00000000 00:00 0 
7ff8b4d7c000-7ff8b4fec000 rwxp 00000000 00:00 0 
7ff8b4fec000-7ff8bc2b3000 ---p 00000000 00:00 0 
7ff8bc2b3000-7ff8c4000000 r--s 00000000 103:01 3224154529                /usr/lib64/jvm/java-17-openjdk-17/lib/modules
7ff8c4000000-7ff8c4188000 rw-p 00000000 00:00 0 
7ff8c4188000-7ff8c8000000 ---p 00000000 00:00 0 
7ff8c8045000-7ff8c8215000 rw-p 00000000 00:00 0 
7ff8c8245000-7ff8c8286000 rw-p 00000000 00:00 0 
7ff8c82ae000-7ff8c82af000 r--p 00000000 103:01 1074648257                /usr/lib/locale/en_US.utf8/LC_NUMERIC
7ff8c82af000-7ff8c82b0000 r--p 00000000 103:01 1074648260                /usr/lib/locale/en_US.utf8/LC_TIME
7ff8c82b0000-7ff8c82b1000 r--p 00000000 103:01 1074648252                /usr/lib/locale/en_US.utf8/LC_MONETARY
7ff8c82b1000-7ff8c82b2000 r--p 00000000 103:01 2150874411                /usr/lib/locale/en_US.utf8/LC_MESSAGES/SYS_LC_MESSAGES
7ff8c82b2000-7ff8c82b3000 r--p 00000000 103:01 1074648258                /usr/lib/locale/en_US.utf8/LC_PAPER
7ff8c82b3000-7ff8c82b4000 r--p 00000000 103:01 1074648256                /usr/lib/locale/en_US.utf8/LC_NAME
7ff8c82b4000-7ff8c82b5000 r--p 00000000 103:01 1074101467                /usr/lib/locale/en_US.utf8/LC_ADDRESS
7ff8c82b5000-7ff8c82b6000 r--p 00000000 103:01 1074648259                /usr/lib/locale/en_US.utf8/LC_TELEPHONE
7ff8c82b6000-7ff8c82b7000 r--p 00000000 103:01 1074648207                /usr/lib/locale/en_US.utf8/LC_MEASUREMENT
7ff8c82b7000-7ff8c82be000 r--s 00000000 103:01 3221781753                /usr/lib64/gconv/gconv-modules.cache
7ff8c82be000-7ff8c82bf000 ---p 00000000 00:00 0 
7ff8c82bf000-7ff8c83bf000 rw-p 00000000 00:00 0 
7ff8c83bf000-7ff8c83c0000 ---p 00000000 00:00 0 
7ff8c83c0000-7ff8c8cc8000 rw-p 00000000 00:00 0 
7ff8c8cc8000-7ff8c8cc9000 ---p 00000000 00:00 0 
7ff8c8cc9000-7ff8c8dc9000 rw-p 00000000 00:00 0 
7ff8c8dc9000-7ff8c8dca000 ---p 00000000 00:00 0 
7ff8c8dca000-7ff8c8eca000 rw-p 00000000 00:00 0 
7ff8c8eca000-7ff8c8ecb000 ---p 00000000 00:00 0 
7ff8c8ecb000-7ff8c90c9000 rw-p 00000000 00:00 0 
7ff8c90c9000-7ff8c9812000 ---p 00000000 00:00 0 
7ff8c9812000-7ff8c9891000 rw-p 00000000 00:00 0 
7ff8c9891000-7ff8c9fda000 ---p 00000000 00:00 0 
7ff8c9fda000-7ff8ca059000 rw-p 00000000 00:00 0 
7ff8ca059000-7ff8ca7a2000 ---p 00000000 00:00 0 
7ff8ca7a2000-7ff8cafb1000 rw-p 00000000 00:00 0 
7ff8cafb1000-7ff8cb097000 ---p 00000000 00:00 0 
7ff8cb097000-7ff8cb09c000 rw-p 00000000 00:00 0 
7ff8cb09c000-7ff8cb182000 ---p 00000000 00:00 0 
7ff8cb182000-7ff8cb187000 rw-p 00000000 00:00 0 
7ff8cb187000-7ff8cb18e000 ---p 00000000 00:00 0 
7ff8cb18e000-7ff8cb1b3000 r-xp 00000000 103:01 3224065757                /usr/lib64/jvm/java-17-openjdk-17/lib/libjava.so
7ff8cb1b3000-7ff8cb1b4000 r--p 00025000 103:01 3224065757                /usr/lib64/jvm/java-17-openjdk-17/lib/libjava.so
7ff8cb1b4000-7ff8cb1b5000 rw-p 00026000 103:01 3224065757                /usr/lib64/jvm/java-17-openjdk-17/lib/libjava.so
7ff8cb1b5000-7ff8cb1b6000 rw-p 00000000 00:00 0 
7ff8cb1b6000-7ff8cba8a000 r--s 00000000 103:01 1075005711                /var/lib/sss/mc/passwd
7ff8cba8a000-7ff8cba8e000 ---p 00000000 00:00 0 
7ff8cba8e000-7ff8cbb8b000 rw-p 00000000 00:00 0 
7ff8cbb8b000-7ff8cbbb6000 r-xp 00000000 103:01 1073920183                /lib64/libgcc_s.so.1
7ff8cbbb6000-7ff8cbbb7000 r--p 0002b000 103:01 1073920183                /lib64/libgcc_s.so.1
7ff8cbbb7000-7ff8cbbb8000 rw-p 0002c000 103:01 1073920183                /lib64/libgcc_s.so.1
7ff8cbbb8000-7ff8cbd01000 r-xp 00000000 103:01 1074576220                /lib64/libm-2.31.so
7ff8cbd01000-7ff8cbd02000 r--p 00148000 103:01 1074576220                /lib64/libm-2.31.so
7ff8cbd02000-7ff8cbd04000 rw-p 00149000 103:01 1074576220                /lib64/libm-2.31.so
7ff8cbd04000-7ff8cbf46000 r-xp 00000000 103:01 2150252704                /usr/lib64/libstdc++.so.6.0.33
7ff8cbf46000-7ff8cbf51000 r--p 00242000 103:01 2150252704                /usr/lib64/libstdc++.so.6.0.33
7ff8cbf51000-7ff8cbf54000 rw-p 0024d000 103:01 2150252704                /usr/lib64/libstdc++.so.6.0.33
7ff8cbf54000-7ff8cbf58000 rw-p 00000000 00:00 0 
7ff8cbf58000-7ff8cd20d000 r-xp 00000000 103:01 3224008215                /usr/lib64/jvm/java-17-openjdk-17/lib/server/libjvm.so
7ff8cd20d000-7ff8cd2c5000 r--p 012b4000 103:01 3224008215                /usr/lib64/jvm/java-17-openjdk-17/lib/server/libjvm.so
7ff8cd2c5000-7ff8cd2fa000 rw-p 0136c000 103:01 3224008215                /usr/lib64/jvm/java-17-openjdk-17/lib/server/libjvm.so
7ff8cd2fa000-7ff8cd357000 rw-p 00000000 00:00 0 
7ff8cd357000-7ff8cd375000 r-xp 00000000 103:01 1074576235                /lib64/libpthread-2.31.so
7ff8cd375000-7ff8cd376000 r--p 0001d000 103:01 1074576235                /lib64/libpthread-2.31.so
7ff8cd376000-7ff8cd377000 rw-p 0001e000 103:01 1074576235                /lib64/libpthread-2.31.so
7ff8cd377000-7ff8cd37d000 rw-p 00000000 00:00 0 
7ff8cd37d000-7ff8cd380000 r-xp 00000000 103:01 1074576218                /lib64/libdl-2.31.so
7ff8cd380000-7ff8cd381000 r--p 00002000 103:01 1074576218                /lib64/libdl-2.31.so
7ff8cd381000-7ff8cd382000 rw-p 00003000 103:01 1074576218                /lib64/libdl-2.31.so
7ff8cd382000-7ff8cd399000 r-xp 00000000 103:01 2150947386                /usr/lib64/libz.so.1.2.13
7ff8cd399000-7ff8cd39a000 r--p 00016000 103:01 2150947386                /usr/lib64/libz.so.1.2.13
7ff8cd39a000-7ff8cd39b000 rw-p 00017000 103:01 2150947386                /usr/lib64/libz.so.1.2.13
7ff8cd39b000-7ff8cd4a2000 r-xp 00000000 103:01 1074576216                /lib64/libc-2.31.so
7ff8cd4a2000-7ff8cd4a3000 r-xp 00107000 103:01 1074576216                /lib64/libc-2.31.so
7ff8cd4a3000-7ff8cd583000 r-xp 00108000 103:01 1074576216                /lib64/libc-2.31.so
7ff8cd583000-7ff8cd586000 r--p 001e7000 103:01 1074576216                /lib64/libc-2.31.so
7ff8cd586000-7ff8cd58e000 rw-p 001ea000 103:01 1074576216                /lib64/libc-2.31.so
7ff8cd58e000-7ff8cd592000 rw-p 00000000 00:00 0 
7ff8cd592000-7ff8cd593000 r--p 00000000 103:01 1074648205                /usr/lib/locale/en_US.utf8/LC_IDENTIFICATION
7ff8cd593000-7ff8cd594000 r-xp 00000000 00:00 0 
7ff8cd594000-7ff8cd59c000 rw-s 00000000 103:01 1076616562                /tmp/hsperfdata_swittche/30455
7ff8cd59c000-7ff8cd5a6000 r-xp 00000000 103:01 1074764314                /lib64/libnss_sss.so.2
7ff8cd5a6000-7ff8cd5a7000 r--p 00009000 103:01 1074764314                /lib64/libnss_sss.so.2
7ff8cd5a7000-7ff8cd5a8000 rw-p 0000a000 103:01 1074764314                /lib64/libnss_sss.so.2
7ff8cd5a8000-7ff8cd5b0000 r-xp 00000000 103:01 1073919851                /lib64/libnss_compat-2.31.so
7ff8cd5b0000-7ff8cd5b1000 r--p 00007000 103:01 1073919851                /lib64/libnss_compat-2.31.so
7ff8cd5b1000-7ff8cd5b2000 rw-p 00008000 103:01 1073919851                /lib64/libnss_compat-2.31.so
7ff8cd5b2000-7ff8cd5b3000 ---p 00000000 00:00 0 
7ff8cd5b3000-7ff8cd5b4000 r--p 00000000 00:00 0 
7ff8cd5b4000-7ff8cd5b5000 ---p 00000000 00:00 0 
7ff8cd5b5000-7ff8cd5ba000 r-xp 00000000 103:01 3224065760                /usr/lib64/jvm/java-17-openjdk-17/lib/libjimage.so
7ff8cd5ba000-7ff8cd5bb000 r--p 00004000 103:01 3224065760                /usr/lib64/jvm/java-17-openjdk-17/lib/libjimage.so
7ff8cd5bb000-7ff8cd5bc000 rw-p 00005000 103:01 3224065760                /usr/lib64/jvm/java-17-openjdk-17/lib/libjimage.so
7ff8cd5bc000-7ff8cd5cb000 r-xp 00000000 103:01 3224065761                /usr/lib64/jvm/java-17-openjdk-17/lib/libjli.so
7ff8cd5cb000-7ff8cd5cc000 r--p 0000f000 103:01 3224065761                /usr/lib64/jvm/java-17-openjdk-17/lib/libjli.so
7ff8cd5cc000-7ff8cd5cd000 rw-p 00010000 103:01 3224065761                /usr/lib64/jvm/java-17-openjdk-17/lib/libjli.so
7ff8cd5cd000-7ff8cd5cf000 rw-p 00000000 00:00 0 
7ff8cd5cf000-7ff8cd5fa000 r-xp 00000000 103:01 1074576061                /lib64/ld-2.31.so
7ff8cd5fa000-7ff8cd5fb000 r--p 0002a000 103:01 1074576061                /lib64/ld-2.31.so
7ff8cd5fb000-7ff8cd5fd000 rw-p 0002b000 103:01 1074576061                /lib64/ld-2.31.so
7fff70f80000-7fff70fa2000 rw-p 00000000 00:00 0                          [stack]
7fff70fbc000-7fff70fc0000 r--p 00000000 00:00 0                          [vvar]
7fff70fc0000-7fff70fc2000 r-xp 00000000 00:00 0                          [vdso]
ffffffffff600000-ffffffffff601000 --xp 00000000 00:00 0                  [vsyscall]


VM Arguments:
jvm_args: -Dclassworlds.conf=/usr/share/maven/bin/m2.conf -Dmaven.home=/usr/share/maven -Dlibrary.jansi.path=/usr/share/maven/lib/jansi-native -Dmaven.multiModuleProjectDirectory=/home/swittche/Documents/CRIMSy/ui 
java_command: org.codehaus.plexus.classworlds.launcher.Launcher clean
java_class_path (initial): /usr/share/java/plexus-classworlds.jar
Launcher Type: SUN_STANDARD

[Global flags]
     intx CICompilerCount                          = 4                                         {product} {ergonomic}
     uint ConcGCThreads                            = 2                                         {product} {ergonomic}
     uint G1ConcRefinementThreads                  = 8                                         {product} {ergonomic}
   size_t G1HeapRegionSize                         = 2097152                                   {product} {ergonomic}
    uintx GCDrainStackTargetSize                   = 64                                        {product} {ergonomic}
   size_t InitialHeapSize                          = 262144000                                 {product} {ergonomic}
   size_t MarkStackSize                            = 4194304                                   {product} {ergonomic}
   size_t MaxHeapSize                              = 4177526784                                {product} {ergonomic}
   size_t MaxNewSize                               = 2506096640                                {product} {ergonomic}
   size_t MinHeapDeltaBytes                        = 2097152                                   {product} {ergonomic}
   size_t MinHeapSize                              = 8388608                                   {product} {ergonomic}
    uintx NonNMethodCodeHeapSize                   = 5839372                                {pd product} {ergonomic}
    uintx NonProfiledCodeHeapSize                  = 122909434                              {pd product} {ergonomic}
    uintx ProfiledCodeHeapSize                     = 122909434                              {pd product} {ergonomic}
    uintx ReservedCodeCacheSize                    = 251658240                              {pd product} {ergonomic}
     bool SegmentedCodeCache                       = true                                      {product} {ergonomic}
   size_t SoftMaxHeapSize                          = 4177526784                             {manageable} {ergonomic}
     bool UseCompressedClassPointers               = true                           {product lp64_product} {ergonomic}
     bool UseCompressedOops                        = true                           {product lp64_product} {ergonomic}
     bool UseG1GC                                  = true                                      {product} {ergonomic}

Logging:
Log output configuration:
 #0: stdout all=warning uptime,level,tags
 #1: stderr all=off uptime,level,tags

Environment Variables:
JAVA_HOME=/usr/lib64/jvm/java-17-openjdk-17
PATH=/home/swittche/.nvm/versions/node/v24.11.1/bin:/usr/local/bin:/usr/bin:/bin:/snap/bin
SHELL=/bin/bash
DISPLAY=:0
HOSTTYPE=x86_64
OSTYPE=linux
MACHTYPE=x86_64-suse-linux
LANG=en_US.UTF-8
TERM=xterm-256color

Active Locale:
LC_ALL=en_US.UTF-8
LC_COLLATE=en_US.UTF-8
LC_CTYPE=en_US.UTF-8
LC_MESSAGES=en_US.UTF-8
LC_MONETARY=en_US.UTF-8
LC_NUMERIC=en_US.UTF-8
LC_TIME=en_US.UTF-8

Signal Handlers:
   SIGSEGV: crash_handler in libjvm.so, mask=11100100010111111101111111111110, flags=SA_RESTART|SA_SIGINFO, unblocked
    SIGBUS: crash_handler in libjvm.so, mask=11100100010111111101111111111110, flags=SA_RESTART|SA_SIGINFO, unblocked
    SIGFPE: crash_handler in libjvm.so, mask=11100100010111111101111111111110, flags=SA_RESTART|SA_SIGINFO, unblocked
   SIGPIPE: javaSignalHandler in libjvm.so, mask=11100100010111111101111111111110, flags=SA_RESTART|SA_SIGINFO, blocked
   SIGXFSZ: javaSignalHandler in libjvm.so, mask=11100100010111111101111111111110, flags=SA_RESTART|SA_SIGINFO, blocked
    SIGILL: crash_handler in libjvm.so, mask=11100100010111111101111111111110, flags=SA_RESTART|SA_SIGINFO, unblocked
   SIGUSR2: SR_handler in libjvm.so, mask=00100000000000000000000000000000, flags=SA_RESTART|SA_SIGINFO, blocked
    SIGHUP: UserHandler in libjvm.so, mask=11100100010111111101111111111110, flags=SA_RESTART|SA_SIGINFO, blocked
    SIGINT: UserHandler in libjvm.so, mask=11100100010111111101111111111110, flags=SA_RESTART|SA_SIGINFO, blocked
   SIGTERM: UserHandler in libjvm.so, mask=11100100010111111101111111111110, flags=SA_RESTART|SA_SIGINFO, blocked
   SIGQUIT: UserHandler in libjvm.so, mask=11100100010111111101111111111110, flags=SA_RESTART|SA_SIGINFO, blocked
   SIGTRAP: crash_handler in libjvm.so, mask=11100100010111111101111111111110, flags=SA_RESTART|SA_SIGINFO, unblocked


Periodic native trim disabled


---------------  S Y S T E M  ---------------

OS:
NAME="openSUSE Leap"
VERSION="15.5"
ID="opensuse-leap"
ID_LIKE="suse opensuse"
VERSION_ID="15.5"
PRETTY_NAME="openSUSE Leap 15.5"
ANSI_COLOR="0;32"
CPE_NAME="cpe:/o:opensuse:leap:15.5"
BUG_REPORT_URL="https://bugs.opensuse.org"
HOME_URL="https://www.opensuse.org/"
DOCUMENTATION_URL="https://en.opensuse.org/Portal:Leap"
LOGO="distributor-logo-Leap"
uname: Linux 5.14.21-150500.55.88-default #1 SMP PREEMPT_DYNAMIC Fri Dec 6 16:43:20 UTC 2024 (e102a89) x86_64
OS uptime: 0 days 2:42 hours
libc: glibc 2.31 NPTL 2.31 
rlimit (soft/hard): STACK 8192k/infinity , CORE infinity/infinity , NPROC 63605/63605 , NOFILE 524288/524288 , AS infinity/infinity , CPU infinity/infinity , DATA infinity/infinity , FSIZE infinity/infinity , MEMLOCK 64k/64k
load average: 6.62 5.32 4.58

/proc/meminfo:
MemTotal:       16316188 kB
MemFree:          228292 kB
MemAvailable:    8029044 kB
Buffers:            4076 kB
Cached:          7465116 kB
SwapCached:           60 kB
Active:          1722712 kB
Inactive:       12733192 kB
Active(anon):      36028 kB
Inactive(anon):  7110864 kB
Active(file):    1686684 kB
Inactive(file):  5622328 kB
Unevictable:         208 kB
Mlocked:             208 kB
SwapTotal:      16777212 kB
SwapFree:       16773872 kB
Dirty:              1048 kB
Writeback:          2076 kB
AnonPages:       6735688 kB
Mapped:          1829916 kB
Shmem:            159656 kB
KReclaimable:     827144 kB
Slab:             986812 kB
SReclaimable:     827144 kB
SUnreclaim:       159668 kB
KernelStack:       22628 kB
PageTables:        78024 kB
NFS_Unstable:          0 kB
Bounce:                0 kB
WritebackTmp:          0 kB
CommitLimit:    24935304 kB
Committed_AS:   19351192 kB
VmallocTotal:   34359738367 kB
VmallocUsed:       70584 kB
VmallocChunk:          0 kB
Percpu:             5792 kB
HardwareCorrupted:     0 kB
AnonHugePages:   1714176 kB
ShmemHugePages:        0 kB
ShmemPmdMapped:        0 kB
FileHugePages:         0 kB
FilePmdMapped:         0 kB
CmaTotal:              0 kB
CmaFree:               0 kB
Unaccepted:            0 kB
HugePages_Total:       0
HugePages_Free:        0
HugePages_Rsvd:        0
HugePages_Surp:        0
Hugepagesize:       2048 kB
Hugetlb:               0 kB
DirectMap4k:      580072 kB
DirectMap2M:    16142336 kB
DirectMap1G:           0 kB

/sys/kernel/mm/transparent_hugepage/enabled: [always] madvise never
/sys/kernel/mm/transparent_hugepage/hpage_pmd_size: 2097152
/sys/kernel/mm/transparent_hugepage/defrag (defrag/compaction efforts parameter): always defer defer+madvise [madvise] never

Process Memory:
Virtual Size: 6910676K (peak: 6910676K)
Resident Set Size: 46012K (peak: 46012K) (anon: 24996K, file: 21016K, shmem: 0K)
Swapped out: 0K
C-Heap outstanding allocations: 23846K, retained: 1849K
glibc malloc tunables: (default)

/proc/sys/kernel/threads-max (system-wide limit on the number of threads): 127210
/proc/sys/vm/max_map_count (maximum number of memory map areas a process may have): 65530
/proc/sys/vm/swappiness (control to define how aggressively the kernel swaps out anonymous memory): 60
/proc/sys/kernel/pid_max (system-wide limit on number of process identifiers): 32768

container (cgroup) information:
container_type: cgroupv1
cpu_cpuset_cpus: 0-7
cpu_memory_nodes: 0
active_processor_count: 8
cpu_quota: no quota
cpu_period: 100000
cpu_shares: no shares
memory_limit_in_bytes: unlimited
memory_and_swap_limit_in_bytes: unlimited
memory_soft_limit_in_bytes: unlimited
memory_usage_in_bytes: 8721824 k
memory_max_usage_in_bytes: 8890132 k
kernel_memory_usage_in_bytes: 266456 k
kernel_memory_max_usage_in_bytes: unlimited
kernel_memory_limit_in_bytes: 268244 k
maximum number of tasks: unlimited
current number of tasks: 713

Steal ticks since vm start: 0
Steal ticks percentage since vm start:  0.000

CPU: total 8 (initial active 8) (4 cores per cpu, 2 threads per core) family 6 model 45 stepping 7 microcode 0x71a, cx8, cmov, fxsr, ht, mmx, sse, sse2, sse3, ssse3, sse4.1, sse4.2, popcnt, tsc, tscinvbit, avx, aes, clmul, vzeroupper, clflush
CPU Model and flags from /proc/cpuinfo:
model name	: Intel(R) Core(TM) i7-3820 CPU @ 3.60GHz
flags		: fpu vme de pse tsc msr pae mce cx8 apic sep mtrr pge mca cmov pat pse36 clflush dts acpi mmx fxsr sse sse2 ss ht tm pbe syscall nx pdpe1gb rdtscp lm constant_tsc arch_perfmon pebs bts rep_good nopl xtopology nonstop_tsc cpuid aperfmperf pni pclmulqdq dtes64 monitor ds_cpl vmx est tm2 ssse3 cx16 xtpr pdcm pcid dca sse4_1 sse4_2 x2apic popcnt tsc_deadline_timer aes xsave avx lahf_lm epb pti ssbd ibrs ibpb stibp tpr_shadow vnmi flexpriority ept vpid xsaveopt dtherm ida arat pln pts md_clear flush_l1d

Online cpus: 0-7
Offline cpus: 
BIOS frequency limitation: <Not Available>
Frequency switch latency (ns): 0
Available cpu frequencies: <Not Available>
Current governor: powersave
Core performance/turbo boost: <Not Available>

Memory: 4k page, physical 16316188k(228292k free), swap 16777212k(16773872k free)
Page Sizes: 4k

vm_info: OpenJDK 64-Bit Server VM (17.0.13+11-suse-150400.3.48.2-x8664) for linux-amd64 JRE (17.0.13+11-suse-150400.3.48.2-x8664), built on Nov  4 2024 13:19:33 by "abuild" with gcc 7.5.0

END.
